M	simple_ttns_l2/experiments/run_dense_r567.sbatch
Your branch is up to date with 'origin/worktree-dense-r567-compare'.
Already up to date.
[dense_r567] host=bigMem0 cpus=16 seeds=0,1,2 extra=''
[dense_r567] start: Thu Jul  9 11:41:30 AM CST 2026
运行配置: seeds=[0, 1, 2], with_global=False, with_r6=False, methods=['R5_tree', 'R7_sampled'], block_mode=immediate, cross_fanin=2, init_noise=0.0, n_layers=5, clusters=[4, 4, 4, 4, 4], fanin=3

########## seed 0 ##########

=== [L0_blk0] init integral=1.000000e+00 ===
step,train_l2,val_l2,total_sec
350,-3.154904,-3.084267,2.081
700,-3.299062,-3.084078,2.544

=== [L0_blk1] init integral=1.000000e+00 ===
step,train_l2,val_l2,total_sec
350,-2.480048,-2.431167,0.814
700,-2.352502,-2.431930,1.288

=== [L0_blk2] init integral=1.000000e+00 ===
step,train_l2,val_l2,total_sec
350,-3.821214,-3.547410,0.803
700,-3.645167,-3.547225,1.255

=== [L0_blk3] init integral=1.000000e+00 ===
step,train_l2,val_l2,total_sec
350,-10.032620,-9.884450,0.787
700,-9.333418,-10.057464,1.243

=== [L0_blk4] init integral=1.000000e+00 ===
step,train_l2,val_l2,total_sec
350,-2.945445,-3.123828,0.700
700,-3.225226,-3.123472,1.160

=== [L0_blk5] init integral=1.000000e+00 ===
step,train_l2,val_l2,total_sec
350,-2.568629,-2.422866,0.707
700,-2.339285,-2.422022,1.163

=== [L0_blk6] init integral=1.000000e+00 ===
step,train_l2,val_l2,total_sec
350,-3.441504,-3.607687,0.743
700,-3.436634,-3.608189,1.203

=== [L0_blk7] init integral=1.000000e+00 ===
step,train_l2,val_l2,total_sec
350,-10.272431,-9.863046,0.701
700,-10.457480,-10.044094,1.161

=== [L0_blk8] init integral=1.000000e+00 ===
step,train_l2,val_l2,total_sec
350,-3.009010,-3.169139,0.709
700,-3.075248,-3.168891,1.167

=== [L0_blk9] init integral=1.000000e+00 ===
step,train_l2,val_l2,total_sec
350,-2.226973,-2.436715,0.712
700,-2.391530,-2.435858,1.170

=== [L0_blk10] init integral=1.000000e+00 ===
step,train_l2,val_l2,total_sec
350,-3.588671,-3.601102,0.713
700,-3.448364,-3.601706,1.176

=== [L0_blk11] init integral=1.000000e+00 ===
step,train_l2,val_l2,total_sec
350,-10.127276,-9.822130,0.683
700,-10.510839,-9.996176,1.145

=== [L0_blk12] init integral=1.000000e+00 ===
step,train_l2,val_l2,total_sec
350,-3.060581,-3.134811,0.799
700,-3.194054,-3.136041,1.268

=== [L0_blk13] init integral=1.000000e+00 ===
step,train_l2,val_l2,total_sec
350,-2.509997,-2.423916,0.725
700,-2.386070,-2.424902,1.190

=== [L0_blk14] init integral=1.000000e+00 ===
step,train_l2,val_l2,total_sec
350,-3.407740,-3.627729,0.774
700,-3.455544,-3.628407,1.224

=== [L0_blk15] init integral=1.000000e+00 ===
step,train_l2,val_l2,total_sec
350,-10.226055,-9.781855,0.798
700,-10.012096,-9.947457,1.262

=== [L0_blk16] init integral=1.000000e+00 ===
step,train_l2,val_l2,total_sec
350,-3.073128,-3.126008,0.717
700,-3.013356,-3.126809,1.183

=== [L0_blk17] init integral=1.000000e+00 ===
step,train_l2,val_l2,total_sec
350,-2.322071,-2.442823,0.768
700,-2.367416,-2.443546,1.232

=== [L0_blk18] init integral=1.000000e+00 ===
step,train_l2,val_l2,total_sec
350,-3.768320,-3.543394,0.704
700,-3.604122,-3.543627,1.168

=== [L0_blk19] init integral=1.000000e+00 ===
step,train_l2,val_l2,total_sec
350,-9.880384,-9.755196,0.787
700,-9.957122,-9.941903,1.261

=== [samp_L1.b0] init integral=1.000000e+00 ===
step,train_l2,val_l2,total_sec
350,-10.543331,-10.254543,3.836
700,-1.263605,-4.522203,5.579

=== [samp_L1.b1] init integral=1.000000e+00 ===
step,train_l2,val_l2,total_sec
350,-3.816299,-3.663613,2.469
700,-0.044078,-1.445460,3.653

=== [samp_L1.b2] init integral=1.000000e+00 ===
step,train_l2,val_l2,total_sec
350,-3.131391,-3.738724,1.598
700,1.095034,-1.101226,2.608

=== [samp_L1.b3] init integral=1.000000e+00 ===
step,train_l2,val_l2,total_sec
350,-3.090714,-3.607923,1.498
700,-1.081988,-1.272421,2.561

=== [samp_L2.b0] init integral=1.000000e+00 ===
step,train_l2,val_l2,total_sec
350,-5.386148,-6.113097,1.752
700,-6.609394,-5.924092,2.990

=== [samp_L2.b1] init integral=1.000000e+00 ===
step,train_l2,val_l2,total_sec
350,-117.091299,-107.108705,2.913
700,51.340864,35.406565,5.108

=== [samp_L2.b2] init integral=1.000000e+00 ===
step,train_l2,val_l2,total_sec
350,-5.951367,-5.477552,1.698
700,-5.859214,-4.945938,2.969

=== [samp_L2.b3] init integral=1.000000e+00 ===
step,train_l2,val_l2,total_sec
350,-5.298316,-5.356851,1.704
700,-4.032542,-5.053843,2.944

=== [samp_L3.b0] init integral=1.000000e+00 ===
step,train_l2,val_l2,total_sec
350,-9.907702,-10.731630,1.613
700,-10.653866,-10.560362,2.621

=== [samp_L3.b1] init integral=1.000000e+00 ===
step,train_l2,val_l2,total_sec
350,-16.992466,-13.779859,1.511
700,-13.849923,-13.653255,2.535

=== [samp_L3.b2] init integral=1.000000e+00 ===
step,train_l2,val_l2,total_sec
350,-261.011009,-208.902440,2.392
700,-82.892096,-61.906733,4.136

=== [samp_L3.b3] init integral=1.000000e+00 ===
step,train_l2,val_l2,total_sec
350,-9.828309,-9.211159,1.737
700,-10.307243,-8.903789,3.003

=== [samp_L4.b0] init integral=1.000000e+00 ===
step,train_l2,val_l2,total_sec
350,-12.599984,-12.969340,1.770
700,-15.538144,-12.918658,3.004

=== [samp_L4.b1] init integral=1.000000e+00 ===
step,train_l2,val_l2,total_sec
350,-16.146683,-14.302911,1.495
700,-16.298388,-14.212270,2.511

=== [samp_L4.b2] init integral=1.000000e+00 ===
step,train_l2,val_l2,total_sec
350,-15.517203,-15.653741,1.516
700,-14.674766,-15.614094,2.524

=== [samp_L4.b3] init integral=1.000000e+00 ===
step,train_l2,val_l2,total_sec
350,-267.715008,-285.952772,2.400
700,-215.737119,-169.279639,4.148
[seed 0][layer 0] done
[seed 0][layer 1] done
[seed 0][layer 2] done
[seed 0][layer 3] done
[seed 0][layer 4] done

====================================================================================================
更密/多父·更深 DAG 三方×R5/R6/R7  ——  1 seeds=[0], init_noise=0
[spec] 节点=100  层数=5  每层=20维  簇=[4, 4, 4, 4, 4]  fanin=3(多父/更密)  边数=272
====================================================================================================

joint_LL@truth (↑ 越高越好)  (mean±std over seeds):
层 K |           R5_tree        R7_sampled
L0 20|    22.627±0.000      22.627±0.000  
L1 20|    -1.107±0.000       2.229±0.000  
L2 20|    -2.078±0.000      -0.981±0.000  
L3 20|    -2.578±0.000      -4.845±0.000  
L4 20|    -7.634±0.000      -7.108±0.000  

corr_fro vs truth (↓ 越低越好)  (mean±std over seeds):
层 K |           R5_tree        R7_sampled
L0 20|     0.322±0.000       0.325±0.000  
L1 20|     3.739±0.000       3.768±0.000  
L2 20|     5.435±0.000       5.426±0.000  
L3 20|     5.918±0.000       5.901±0.000  
L4 20|     6.163±0.000       6.167±0.000  

学习参数量：
  R5_tree            174,432
  R7_sampled         155,616

平均单 seed 用时(s)：
  R5_tree           73.7
  R7_sampled       132.3
====================================================================================================

saved(1 seed): /home/sbzeng/2_1/research/TTDE/simple_ttns_l2/reports/dense_dag_r567_three_way_metrics.json

########## seed 1 ##########

=== [L0_blk0] init integral=1.000000e+00 ===
step,train_l2,val_l2,total_sec
350,-3.162539,-3.037835,0.803
700,-2.927810,-3.036181,1.264

=== [L0_blk1] init integral=1.000000e+00 ===
step,train_l2,val_l2,total_sec
350,-2.388071,-2.429321,0.806
700,-2.308266,-2.428395,1.282

=== [L0_blk2] init integral=1.000000e+00 ===
step,train_l2,val_l2,total_sec
350,-3.496954,-3.619899,0.776
700,-3.577763,-3.620209,1.235

=== [L0_blk3] init integral=1.000000e+00 ===
step,train_l2,val_l2,total_sec
350,-10.240249,-9.772473,0.785
700,-10.055094,-9.941974,1.247

=== [L0_blk4] init integral=1.000000e+00 ===
step,train_l2,val_l2,total_sec
350,-3.065385,-3.069405,0.733
700,-2.944521,-3.069987,1.208

=== [L0_blk5] init integral=1.000000e+00 ===
step,train_l2,val_l2,total_sec
350,-2.441019,-2.467349,0.804
700,-2.508934,-2.466750,1.271

=== [L0_blk6] init integral=1.000000e+00 ===
step,train_l2,val_l2,total_sec
350,-3.644388,-3.647725,0.738
700,-3.353628,-3.647347,1.205

=== [L0_blk7] init integral=1.000000e+00 ===
step,train_l2,val_l2,total_sec
350,-10.131376,-9.881089,0.748
700,-9.471217,-10.060032,1.212

=== [L0_blk8] init integral=1.000000e+00 ===
step,train_l2,val_l2,total_sec
350,-2.971103,-3.219550,0.722
700,-3.064450,-3.219858,1.185

=== [L0_blk9] init integral=1.000000e+00 ===
step,train_l2,val_l2,total_sec
350,-2.480343,-2.471252,0.733
700,-2.437079,-2.471759,1.199

=== [L0_blk10] init integral=1.000000e+00 ===
step,train_l2,val_l2,total_sec
350,-3.397368,-3.553028,0.739
700,-3.541553,-3.552485,1.203

=== [L0_blk11] init integral=1.000000e+00 ===
step,train_l2,val_l2,total_sec
350,-9.790664,-9.817619,0.723
700,-9.704415,-9.987968,1.191

=== [L0_blk12] init integral=1.000000e+00 ===
step,train_l2,val_l2,total_sec
350,-3.346140,-3.089363,0.789
700,-3.087311,-3.090161,1.254

=== [L0_blk13] init integral=1.000000e+00 ===
step,train_l2,val_l2,total_sec
350,-2.377031,-2.392820,0.715
700,-2.406069,-2.390376,1.168

=== [L0_blk14] init integral=1.000000e+00 ===
step,train_l2,val_l2,total_sec
350,-3.739189,-3.676113,0.707
700,-3.726382,-3.675768,1.156

=== [L0_blk15] init integral=1.000000e+00 ===
step,train_l2,val_l2,total_sec
350,-9.806666,-9.839832,0.712
700,-10.156455,-10.001917,1.168

=== [L0_blk16] init integral=1.000000e+00 ===
step,train_l2,val_l2,total_sec
350,-3.153572,-3.038743,0.782
700,-3.098768,-3.037647,1.244

=== [L0_blk17] init integral=1.000000e+00 ===
step,train_l2,val_l2,total_sec
350,-2.619148,-2.441280,0.734
700,-2.437041,-2.441119,1.199

=== [L0_blk18] init integral=1.000000e+00 ===
step,train_l2,val_l2,total_sec
350,-3.539675,-3.596401,0.731
700,-3.578703,-3.597206,1.194

=== [L0_blk19] init integral=1.000000e+00 ===
step,train_l2,val_l2,total_sec
350,-9.744548,-9.917510,0.839
700,-10.173475,-10.094336,1.305

=== [samp_L1.b0] init integral=1.000000e+00 ===
step,train_l2,val_l2,total_sec
350,-11.816579,-10.633001,2.657
700,4.119631,7.466443,4.535

=== [samp_L1.b1] init integral=1.000000e+00 ===
step,train_l2,val_l2,total_sec
350,-4.547222,-3.584249,1.730
700,-1.300692,-0.681740,2.923

=== [samp_L1.b2] init integral=1.000000e+00 ===
step,train_l2,val_l2,total_sec
350,-3.301162,-3.517699,1.472
700,0.796391,-0.980170,2.479

=== [samp_L1.b3] init integral=1.000000e+00 ===
step,train_l2,val_l2,total_sec
350,-3.120787,-3.426892,1.472
700,0.213841,0.180912,2.478

=== [samp_L2.b0] init integral=1.000000e+00 ===
step,train_l2,val_l2,total_sec
350,-5.810640,-5.736878,1.783
700,-6.632337,-5.493102,3.029

=== [samp_L2.b1] init integral=1.000000e+00 ===
step,train_l2,val_l2,total_sec
350,-104.738254,-56.464406,3.424
700,17.948153,167.293162,6.177

=== [samp_L2.b2] init integral=1.000000e+00 ===
step,train_l2,val_l2,total_sec
350,-5.729326,-5.596718,1.688
700,-6.478870,-5.104312,2.932

=== [samp_L2.b3] init integral=1.000000e+00 ===
step,train_l2,val_l2,total_sec
350,-6.762635,-5.129195,1.735
700,-5.416870,-4.480187,2.996

=== [samp_L3.b0] init integral=1.000000e+00 ===
step,train_l2,val_l2,total_sec
350,-10.506040,-10.661344,1.729
700,-8.644668,-10.574763,2.920

=== [samp_L3.b1] init integral=1.000000e+00 ===
step,train_l2,val_l2,total_sec
350,-13.898736,-14.134712,1.563
700,-13.763788,-14.062337,2.574

=== [samp_L3.b2] init integral=1.000000e+00 ===
step,train_l2,val_l2,total_sec
350,-156.389991,-228.008204,2.535
700,-204.492128,-143.140746,4.269

=== [samp_L3.b3] init integral=1.000000e+00 ===
step,train_l2,val_l2,total_sec
350,-11.958766,-10.107110,1.508
700,-10.791497,-9.899629,2.507

=== [samp_L4.b0] init integral=1.000000e+00 ===
step,train_l2,val_l2,total_sec
350,-12.545821,-12.820941,1.755
700,-13.684630,-12.635694,2.940

=== [samp_L4.b1] init integral=1.000000e+00 ===
step,train_l2,val_l2,total_sec
350,-13.096983,-14.671927,1.486
700,-12.548048,-14.649527,2.476

=== [samp_L4.b2] init integral=1.000000e+00 ===
step,train_l2,val_l2,total_sec
350,-14.542071,-16.287751,1.478
700,-15.654956,-16.245474,2.476

=== [samp_L4.b3] init integral=1.000000e+00 ===
step,train_l2,val_l2,total_sec
350,-210.429686,-260.064328,2.502
700,-114.015951,-145.646977,4.246
[seed 1][layer 0] done
[seed 1][layer 1] done
[seed 1][layer 2] done
[seed 1][layer 3] done
[seed 1][layer 4] done

====================================================================================================
更密/多父·更深 DAG 三方×R5/R6/R7  ——  2 seeds=[0, 1], init_noise=0
[spec] 节点=100  层数=5  每层=20维  簇=[4, 4, 4, 4, 4]  fanin=3(多父/更密)  边数=272
====================================================================================================

joint_LL@truth (↑ 越高越好)  (mean±std over seeds):
层 K |           R5_tree        R7_sampled
L0 20|    22.710±0.083      22.710±0.083  
L1 20|    -1.132±0.025       2.103±0.125  
L2 20|    -2.040±0.038      -1.117±0.137  
L3 20|    -2.511±0.067      -4.926±0.081  
L4 20|    -7.571±0.063      -7.690±0.583  

corr_fro vs truth (↓ 越低越好)  (mean±std over seeds):
层 K |           R5_tree        R7_sampled
L0 20|     0.332±0.010       0.328±0.002  
L1 20|     3.757±0.018       3.770±0.002  
L2 20|     5.425±0.011       5.411±0.015  
L3 20|     5.904±0.014       5.899±0.003  
L4 20|     6.195±0.033       6.213±0.046  

学习参数量：
  R5_tree            174,432
  R7_sampled         165,024

平均单 seed 用时(s)：
  R5_tree           62.4
  R7_sampled       129.7
====================================================================================================

saved(2 seed): /home/sbzeng/2_1/research/TTDE/simple_ttns_l2/reports/dense_dag_r567_three_way_metrics.json

########## seed 2 ##########

=== [L0_blk0] init integral=1.000000e+00 ===
step,train_l2,val_l2,total_sec
350,-3.197558,-3.105075,0.816
700,-3.257878,-3.105075,1.273

=== [L0_blk1] init integral=1.000000e+00 ===
step,train_l2,val_l2,total_sec
350,-2.408085,-2.394736,0.804
700,-2.442490,-2.394466,1.256

=== [L0_blk2] init integral=1.000000e+00 ===
step,train_l2,val_l2,total_sec
350,-3.635214,-3.571490,0.775
700,-3.784349,-3.571545,1.228

=== [L0_blk3] init integral=1.000000e+00 ===
step,train_l2,val_l2,total_sec
350,-9.880006,-9.763832,0.749
700,-10.192781,-9.941976,1.220

=== [L0_blk4] init integral=1.000000e+00 ===
step,train_l2,val_l2,total_sec
350,-3.296250,-3.123299,0.790
700,-3.255402,-3.122147,1.241

=== [L0_blk5] init integral=1.000000e+00 ===
step,train_l2,val_l2,total_sec
350,-2.385339,-2.391537,0.726
700,-2.473655,-2.391248,1.194

=== [L0_blk6] init integral=1.000000e+00 ===
step,train_l2,val_l2,total_sec
350,-3.428397,-3.608765,0.714
700,-3.517815,-3.609155,1.163

=== [L0_blk7] init integral=1.000000e+00 ===
step,train_l2,val_l2,total_sec
350,-9.738827,-9.855225,0.738
700,-9.643419,-10.032789,1.185

=== [L0_blk8] init integral=1.000000e+00 ===
step,train_l2,val_l2,total_sec
350,-3.236886,-3.166686,0.797
700,-3.020093,-3.166981,1.246

=== [L0_blk9] init integral=1.000000e+00 ===
step,train_l2,val_l2,total_sec
350,-2.429176,-2.457809,0.719
700,-2.494075,-2.458201,1.165

=== [L0_blk10] init integral=1.000000e+00 ===
step,train_l2,val_l2,total_sec
350,-3.840057,-3.639140,0.704
700,-3.447904,-3.638780,1.152

=== [L0_blk11] init integral=1.000000e+00 ===
step,train_l2,val_l2,total_sec
350,-9.839272,-9.530341,0.745
700,-9.981743,-9.683597,1.213

=== [L0_blk12] init integral=1.000000e+00 ===
step,train_l2,val_l2,total_sec
350,-3.068075,-3.133267,0.730
700,-3.344845,-3.132788,1.194

=== [L0_blk13] init integral=1.000000e+00 ===
step,train_l2,val_l2,total_sec
350,-2.397089,-2.401631,0.758
700,-2.288640,-2.401556,1.205

=== [L0_blk14] init integral=1.000000e+00 ===
step,train_l2,val_l2,total_sec
350,-3.772063,-3.630859,0.724
700,-3.739100,-3.631254,1.187

=== [L0_blk15] init integral=1.000000e+00 ===
step,train_l2,val_l2,total_sec
350,-9.483662,-9.836125,0.711
700,-10.130418,-10.007131,1.173

=== [L0_blk16] init integral=1.000000e+00 ===
step,train_l2,val_l2,total_sec
350,-2.947501,-3.121085,0.802
700,-3.212957,-3.120405,1.272

=== [L0_blk17] init integral=1.000000e+00 ===
step,train_l2,val_l2,total_sec
350,-2.478459,-2.380228,0.763
700,-2.269712,-2.379759,1.220

=== [L0_blk18] init integral=1.000000e+00 ===
step,train_l2,val_l2,total_sec
350,-3.823627,-3.638112,0.736
700,-3.480044,-3.637012,1.197

=== [L0_blk19] init integral=1.000000e+00 ===
step,train_l2,val_l2,total_sec
350,-9.724941,-9.708285,0.715
700,-10.036584,-9.884235,1.176

=== [samp_L1.b0] init integral=1.000000e+00 ===
step,train_l2,val_l2,total_sec
350,-13.839318,-12.078955,2.561
700,-5.845765,-7.836872,4.379

=== [samp_L1.b1] init integral=1.000000e+00 ===
step,train_l2,val_l2,total_sec
350,-3.219166,-3.169525,1.539
700,-0.130325,0.064180,2.534

=== [samp_L1.b2] init integral=1.000000e+00 ===
step,train_l2,val_l2,total_sec
350,-3.251926,-3.464810,1.647
700,1.013736,-0.522417,2.832

=== [samp_L1.b3] init integral=1.000000e+00 ===
step,train_l2,val_l2,total_sec
350,-3.131698,-3.367133,1.486
700,-0.942691,-0.454904,2.491

=== [samp_L2.b0] init integral=1.000000e+00 ===
step,train_l2,val_l2,total_sec
350,-5.080770,-6.039963,1.756
700,-5.720504,-5.811975,2.984

=== [samp_L2.b1] init integral=1.000000e+00 ===
step,train_l2,val_l2,total_sec
350,-102.048086,-100.468203,3.544
700,65.809563,62.538629,6.301

=== [samp_L2.b2] init integral=1.000000e+00 ===
step,train_l2,val_l2,total_sec
350,-5.930964,-6.006005,1.712
700,-5.867079,-5.505078,2.951

=== [samp_L2.b3] init integral=1.000000e+00 ===
step,train_l2,val_l2,total_sec
350,-6.132977,-5.882280,1.663
700,-5.411800,-5.421671,2.901

=== [samp_L3.b0] init integral=1.000000e+00 ===
step,train_l2,val_l2,total_sec
350,-12.697502,-11.088096,1.615
700,-9.216684,-10.877002,2.623

=== [samp_L3.b1] init integral=1.000000e+00 ===
step,train_l2,val_l2,total_sec
350,-16.159359,-13.785100,1.720
700,-12.666143,-13.702393,2.956

=== [samp_L3.b2] init integral=1.000000e+00 ===
step,train_l2,val_l2,total_sec
350,-281.183136,-214.721478,2.398
700,-65.567746,-54.951320,4.139

=== [samp_L3.b3] init integral=1.000000e+00 ===
step,train_l2,val_l2,total_sec
350,-11.616425,-10.270516,1.650
700,-10.282209,-9.967299,2.846

=== [samp_L4.b0] init integral=1.000000e+00 ===
step,train_l2,val_l2,total_sec
350,-12.162438,-12.678212,1.666
700,-13.251125,-12.524136,2.680

=== [samp_L4.b1] init integral=1.000000e+00 ===
step,train_l2,val_l2,total_sec
350,-12.329256,-14.704914,1.495
700,-14.005946,-14.678177,2.513

=== [samp_L4.b2] init integral=1.000000e+00 ===
step,train_l2,val_l2,total_sec
350,-17.412622,-16.563303,1.526
700,-14.353091,-16.501769,2.541

=== [samp_L4.b3] init integral=1.000000e+00 ===
step,train_l2,val_l2,total_sec
350,-341.603326,-255.331401,2.370
700,39.988538,-111.741543,4.128
[seed 2][layer 0] done
[seed 2][layer 1] done
[seed 2][layer 2] done
[seed 2][layer 3] done
[seed 2][layer 4] done

====================================================================================================
更密/多父·更深 DAG 三方×R5/R6/R7  ——  3 seeds=[0, 1, 2], init_noise=0
[spec] 节点=100  层数=5  每层=20维  簇=[4, 4, 4, 4, 4]  fanin=3(多父/更密)  边数=272
====================================================================================================

joint_LL@truth (↑ 越高越好)  (mean±std over seeds):
层 K |           R5_tree        R7_sampled
L0 20|    22.697±0.070      22.697±0.070  
L1 20|    -1.082±0.073       2.114±0.104  
L2 20|    -1.984±0.085      -1.132±0.113  
L3 20|    -2.431±0.126      -5.063±0.205  
L4 20|    -7.494±0.120      -7.520±0.533  

corr_fro vs truth (↓ 越低越好)  (mean±std over seeds):
层 K |           R5_tree        R7_sampled
L0 20|     0.331±0.008       0.323±0.007  
L1 20|     3.758±0.015       3.763±0.010  
L2 20|     5.407±0.026       5.402±0.018  
L3 20|     5.885±0.030       5.877±0.031  
L4 20|     6.185±0.030       6.193±0.047  

学习参数量：
  R5_tree            180,704
  R7_sampled         165,024

平均单 seed 用时(s)：
  R5_tree           59.3
  R7_sampled       128.8
====================================================================================================

saved(3 seed): /home/sbzeng/2_1/research/TTDE/simple_ttns_l2/reports/dense_dag_r567_three_way_metrics.json
总用时 1551.2s
[dense_r567] done: Thu Jul  9 12:07:36 PM CST 2026
[dense_r567] report -> simple_ttns_l2/reports/dense_dag_r567_report_zh.md
